Analyzing CipherPoint-App...                                    
   info • 'MaterialStateProperty' is deprecated and shouldn't be used. Use WidgetStateProperty instead. Moved to the Widgets layer to make code available outside of Material. This feature was deprecated after v3.19.0-0.3.pre • lib/src/core/theme/cipherpoint_theme.dart:276:23 • deprecated_member_use
   info • 'MaterialState' is deprecated and shouldn't be used. Use WidgetState instead. Moved to the Widgets layer to make code available outside of Material. This feature was deprecated after v3.19.0-0.3.pre • lib/src/core/theme/cipherpoint_theme.dart:277:31 • deprecated_member_use
   info • 'MaterialState' is deprecated and shouldn't be used. Use WidgetState instead. Moved to the Widgets layer to make code available outside of Material. This feature was deprecated after v3.19.0-0.3.pre • lib/src/core/theme/cipherpoint_theme.dart:280:31 • deprecated_member_use
   info • 'MaterialStateProperty' is deprecated and shouldn't be used. Use WidgetStateProperty instead. Moved to the Widgets layer to make code available outside of Material. This feature was deprecated after v3.19.0-0.3.pre • lib/src/core/theme/cipherpoint_theme.dart:381:23 • deprecated_member_use
   info • 'MaterialStateProperty' is deprecated and shouldn't be used. Use WidgetStateProperty instead. Moved to the Widgets layer to make code available outside of Material. This feature was deprecated after v3.19.0-0.3.pre • lib/src/core/theme/cipherpoint_theme.dart:382:18 • deprecated_member_use
   info • 'MaterialState' is deprecated and shouldn't be used. Use WidgetState instead. Moved to the Widgets layer to make code available outside of Material. This feature was deprecated after v3.19.0-0.3.pre • lib/src/core/theme/cipherpoint_theme.dart:383:29 • deprecated_member_use
   info • 'MaterialStateProperty' is deprecated and shouldn't be used. Use WidgetStateProperty instead. Moved to the Widgets layer to make code available outside of Material. This feature was deprecated after v3.19.0-0.3.pre • lib/src/core/theme/cipherpoint_theme.dart:453:19 • deprecated_member_use
   info • 'MaterialState' is deprecated and shouldn't be used. Use WidgetState instead. Moved to the Widgets layer to make code available outside of Material. This feature was deprecated after v3.19.0-0.3.pre • lib/src/core/theme/cipherpoint_theme.dart:454:29 • deprecated_member_use
   info • 'MaterialStateProperty' is deprecated and shouldn't be used. Use WidgetStateProperty instead. Moved to the Widgets layer to make code available outside of Material. This feature was deprecated after v3.19.0-0.3.pre • lib/src/core/theme/cipherpoint_theme.dart:457:19 • deprecated_member_use
   info • 'MaterialState' is deprecated and shouldn't be used. Use WidgetState instead. Moved to the Widgets layer to make code available outside of Material. This feature was deprecated after v3.19.0-0.3.pre • lib/src/core/theme/cipherpoint_theme.dart:458:29 • deprecated_member_use
   info • 'MaterialStateProperty' is deprecated and shouldn't be used. Use WidgetStateProperty instead. Moved to the Widgets layer to make code available outside of Material. This feature was deprecated after v3.19.0-0.3.pre • lib/src/core/theme/cipherpoint_theme.dart:463:26 • deprecated_member_use
   info • 'MaterialState' is deprecated and shouldn't be used. Use WidgetState instead. Moved to the Widgets layer to make code available outside of Material. This feature was deprecated after v3.19.0-0.3.pre • lib/src/core/theme/cipherpoint_theme.dart:464:29 • deprecated_member_use
   info • 'MaterialStateProperty' is deprecated and shouldn't be used. Use WidgetStateProperty instead. Moved to the Widgets layer to make code available outside of Material. This feature was deprecated after v3.19.0-0.3.pre • lib/src/core/theme/cipherpoint_theme.dart:469:18 • deprecated_member_use
   info • 'MaterialState' is deprecated and shouldn't be used. Use WidgetState instead. Moved to the Widgets layer to make code available outside of Material. This feature was deprecated after v3.19.0-0.3.pre • lib/src/core/theme/cipherpoint_theme.dart:470:29 • deprecated_member_use
   info • 'MaterialStateProperty' is deprecated and shouldn't be used. Use WidgetStateProperty instead. Moved to the Widgets layer to make code available outside of Material. This feature was deprecated after v3.19.0-0.3.pre • lib/src/core/theme/cipherpoint_theme.dart:473:19 • deprecated_member_use
   info • 'MaterialStateProperty' is deprecated and shouldn't be used. Use WidgetStateProperty instead. Moved to the Widgets layer to make code available outside of Material. This feature was deprecated after v3.19.0-0.3.pre • lib/src/core/theme/cipherpoint_theme.dart:479:18 • deprecated_member_use
   info • 'MaterialState' is deprecated and shouldn't be used. Use WidgetState instead. Moved to the Widgets layer to make code available outside of Material. This feature was deprecated after v3.19.0-0.3.pre • lib/src/core/theme/cipherpoint_theme.dart:480:29 • deprecated_member_use
17 issues found. (ran in 11.2s)
Error: Process completed with exit code 1.
